{
    "Should run without failures": {
        "content": [
            {
                "0": [
                    [
                        {
                            "id": "test1_1",
                            "single_end": true
                        },
                        "test1_1_Bacteroides_fragilis.tsv:md5,6ac420a56792567619a08bc1d054706a"
                    ]
                ],
                "1": [
                    "versions.yml:md5,d9e8b34830d477d673900d100ea62420"
                ],
                "mapping_file": [
                    [
                        {
                            "id": "test1_1",
                            "single_end": true
                        },
                        "test1_1_Bacteroides_fragilis.tsv:md5,6ac420a56792567619a08bc1d054706a"
                    ]
                ],
                "versions": [
                    "versions.yml:md5,d9e8b34830d477d673900d100ea62420"
                ]
            }
        ],
        "meta": {
            "nf-test": "0.8.4",
            "nextflow": "23.10.1"
        },
        "timestamp": "2024-04-09T22:40:14.787830345"
    }
}