{
    "sarscov2 - fastq - paired_end": {
        "content": [
            {
                "0": [
                    [
                        {
                            "id": "all_samples"
                        },
                        "all_samples.txt:md5,b418dea99c622fcc1ca5f8dfc3fe8f3c"
                    ]
                ],
                "1": [
                    "versions.yml:md5,562b214e2888a0f15d5afa6e787baed1",
                    "versions.yml:md5,7a8a0a934b8782f4bcb0b2de929e30e2",
                    "versions.yml:md5,cb828df59a55c1e7f350823185cfa2ad"
                ],
                "merged_taxa": [
                    [
                        {
                            "id": "all_samples"
                        },
                        "all_samples.txt:md5,b418dea99c622fcc1ca5f8dfc3fe8f3c"
                    ]
                ],
                "versions": [
                    "versions.yml:md5,562b214e2888a0f15d5afa6e787baed1",
                    "versions.yml:md5,7a8a0a934b8782f4bcb0b2de929e30e2",
                    "versions.yml:md5,cb828df59a55c1e7f350823185cfa2ad"
                ]
            }
        ],
        "meta": {
            "nf-test": "0.8.4",
            "nextflow": "23.10.1"
        },
        "timestamp": "2024-03-20T20:55:44.740041632"
    }
}