{
    " fasta.gz + 'human_genome' ": {
        "content": [
            {
                "0": [
                    [
                        {
                            "id": "test2"
                        },
                        [
                            "test2_kneaddata_paired_1.fastq.gz:md5,acba94fdc94d1e4229beec12086a93af",
                            "test2_kneaddata_paired_2.fastq.gz:md5,a544916a192f082f804b21d8c2d2c186"
                        ]
                    ],
                    [
                        {
                            "id": "test"
                        },
                        [
                            "test_kneaddata_paired_1.fastq.gz:md5,acba94fdc94d1e4229beec12086a93af",
                            "test_kneaddata_paired_2.fastq.gz:md5,de930236265c9d98bfac038bc471d3f0"
                        ]
                    ]
                ],
                "1": [
                    "all_samples_kneaddata_read_counts.tsv:md5,0cbc1c285d40c25876ce0675fe36f34b"
                ],
                "2": [
                    "versions.yml:md5,78fbce8ab53a0d6fb8dbf43cd7624846",
                    "versions.yml:md5,78fbce8ab53a0d6fb8dbf43cd7624846",
                    "versions.yml:md5,bb0ae5552fe7c380606c211bcf91f2c8",
                    "versions.yml:md5,c97c9af1b0da5c6c85c297ad365653cc"
                ],
                "preprocessed_fastq_gz": [
                    [
                        {
                            "id": "test2"
                        },
                        [
                            "test2_kneaddata_paired_1.fastq.gz:md5,acba94fdc94d1e4229beec12086a93af",
                            "test2_kneaddata_paired_2.fastq.gz:md5,a544916a192f082f804b21d8c2d2c186"
                        ]
                    ],
                    [
                        {
                            "id": "test"
                        },
                        [
                            "test_kneaddata_paired_1.fastq.gz:md5,acba94fdc94d1e4229beec12086a93af",
                            "test_kneaddata_paired_2.fastq.gz:md5,de930236265c9d98bfac038bc471d3f0"
                        ]
                    ]
                ],
                "read_counts_tsv": [
                    "all_samples_kneaddata_read_counts.tsv:md5,0cbc1c285d40c25876ce0675fe36f34b"
                ],
                "versions": [
                    "versions.yml:md5,78fbce8ab53a0d6fb8dbf43cd7624846",
                    "versions.yml:md5,78fbce8ab53a0d6fb8dbf43cd7624846",
                    "versions.yml:md5,bb0ae5552fe7c380606c211bcf91f2c8",
                    "versions.yml:md5,c97c9af1b0da5c6c85c297ad365653cc"
                ]
            }
        ],
        "meta": {
            "nf-test": "0.8.4",
            "nextflow": "23.10.1"
        },
        "timestamp": "2024-04-25T22:21:23.676497909"
    }
}